// Jest Snapshot v1, https://goo.gl/fbAQLP

exports[`renders correctly 1`] = `
<View
  accessible={true}
  clickable={false}
  isTVSelectable={true}
  onClick={[Function]}
  onResponderGrant={[Function]}
  onResponderMove={[Function]}
  onResponderRelease={[Function]}
  onResponderTerminate={[Function]}
  onResponderTerminationRequest={[Function]}
  onStartShouldSetResponder={[Function]}
  style={
    Object {
      "opacity": 1,
    }
  }
>
  <Image
    source={
      Object {
        "uri": "fake_icon.jpg",
      }
    }
  />
  <Text
    ellipsizeMode="tail"
    numberOfLines={1}
    style={
      Array [
        undefined,
        Object {
          "color": "black",
        },
        Array [
          undefined,
        ],
      ]
    }
  >
    fake_avatar
  </Text>
</View>
`;
