// Jest Snapshot v1, https://goo.gl/fbAQLP

exports[`renders correctly (without task help) 1`] = `
<View
  style={
    Array [
      undefined,
    ]
  }
>
  <View
    style={undefined}
  >
    <View
      style={undefined}
    >
      <Markdown
        styles={
          Object {
            "text": Object {
              "fontSize": 14,
            },
          }
        }
      >
        Is this this?
      </Markdown>
    </View>
  </View>
</View>
`;

exports[`renders correctly with task help 1`] = `
<View
  style={
    Array [
      undefined,
    ]
  }
>
  <View
    style={undefined}
  >
    <View
      style={undefined}
    >
      <Markdown
        styles={
          Object {
            "text": Object {
              "fontSize": 14,
            },
          }
        }
      >
        Is this this?
      </Markdown>
    </View>
  </View>
</View>
`;
