// Jest Snapshot v1, https://goo.gl/fbAQLP

exports[`renders with a title 1`] = `
<View
  accessible={true}
  clickable={true}
  isTVSelectable={true}
  onClick={[Function]}
  onResponderGrant={[Function]}
  onResponderMove={[Function]}
  onResponderRelease={[Function]}
  onResponderTerminate={[Function]}
  onResponderTerminationRequest={[Function]}
  onStartShouldSetResponder={[Function]}
  style={
    Object {
      "opacity": 1,
    }
  }
>
  <View
    style={
      Array [
        undefined,
        Object {
          "backgroundColor": "#fff",
        },
      ]
    }
  >
    <View>
      <Text
        allowFontScaling={false}
        style={
          Array [
            Object {
              "color": undefined,
              "fontSize": 12,
            },
            Array [
              undefined,
              undefined,
            ],
            Object {
              "fontFamily": "zoo-font",
              "fontStyle": "normal",
              "fontWeight": "normal",
            },
            Object {},
          ]
        }
      >
        
      </Text>
    </View>
    <View>
      <Text
        ellipsizeMode="tail"
        numberOfLines={1}
        style={
          Array [
            Object {
              "fontFamily": "Karla",
            },
            undefined,
          ]
        }
      >
        O Hai!
      </Text>
    </View>
    <Text
      allowFontScaling={false}
      style={
        Array [
          Object {
            "color": undefined,
            "fontSize": 12,
          },
          undefined,
          Object {
            "fontFamily": "FontAwesome",
            "fontStyle": "normal",
            "fontWeight": "normal",
          },
          Object {},
        ]
      }
    >
      
    </Text>
  </View>
</View>
`;
