exports[`test renders for isFetching 1`] = `
<View
  style={undefined}>
  <Modal
    onRequestClose={[Function]}
    transparent={true}
    visible={true}>
    <View
      style={
        Object {
          "backgroundColor": "transparent",
          "bottom": 0,
          "flex": 1,
          "left": 0,
          "position": "absolute",
          "right": 0,
          "top": 0,
        }
      }>
      <View
        style={
          Array [
            Object {
              "alignItems": "center",
              "bottom": 0,
              "justifyContent": "center",
              "left": 0,
              "position": "absolute",
              "right": 0,
              "top": 0,
            },
            Object {
              "backgroundColor": "rgba(0, 0, 0, 0.25)",
            },
          ]
        }>
        <ActivityIndicator
          animating={true}
          color="white"
          hidesWhenStopped={true}
          size="large"
          style={
            Object {
              "flex": 1,
            }
          } />
      </View>
    </View>
  </Modal>
</View>
`;

exports[`test renders nothing for isFetching false 1`] = `
<View
  style={undefined}>
  <View />
</View>
`;
