exports[`test renders correctly 1`] = `
<View
  style={
    Array [
      undefined,
      Object {
        "top": NaN,
      },
    ]
  }>
  <View
    style={undefined}>
    <View
      onMoveShouldSetResponder={[Function]}
      onMoveShouldSetResponderCapture={[Function]}
      onResponderEnd={[Function]}
      onResponderGrant={[Function]}
      onResponderMove={[Function]}
      onResponderReject={[Function]}
      onResponderRelease={[Function]}
      onResponderStart={[Function]}
      onResponderTerminate={[Function]}
      onResponderTerminationRequest={[Function]}
      onStartShouldSetResponder={[Function]}
      onStartShouldSetResponderCapture={[Function]}
      style={
        Object {
          "height": 110,
          "transform": Array [
            Object {
              "translateX": 0,
            },
            Object {
              "translateY": 0,
            },
            Object {
              "rotate": "0deg",
            },
          ],
          "width": 100,
        }
      }>
      <TouchableOpacity
        activeOpacity={0.8}
        onPress={undefined}
        style={
          Object {
            "height": 110,
            "width": 100,
          }
        }>
        <SwipeSubject
          inFront={true}
          seenThisSession={undefined}
          setNextSubject={undefined}
          subject={
            Object {
              "id": "3424",
            }
          }
          subjectSizes={
            Object {
              "resizedHeight": 100,
              "resizedWidth": 100,
            }
          } />
        <View
          style={
            Object {
              "backgroundColor": "#E45950",
              "height": 100,
              "opacity": 0,
              "width": 100,
            }
          } />
        <View
          style={
            Object {
              "height": 100,
              "opacity": 0,
              "width": 100,
            }
          }>
          <Text
            accessible={true}
            allowFontScaling={true}
            ellipsizeMode="tail"
            style={
              Array [
                undefined,
                Array [
                  undefined,
                ],
              ]
            }>
            No
          </Text>
        </View>
        <View
          style={
            Object {
              "backgroundColor": "#00979D",
              "height": 100,
              "opacity": 0,
              "width": 100,
            }
          } />
        <View
          style={
            Object {
              "height": 100,
              "opacity": 0,
              "width": 100,
            }
          }>
          <Text
            accessible={true}
            allowFontScaling={true}
            ellipsizeMode="tail"
            style={
              Array [
                undefined,
                Array [
                  undefined,
                ],
              ]
            }>
            Yes
          </Text>
        </View>
      </TouchableOpacity>
    </View>
  </View>
</View>
`;
