exports[`test renders correctly 1`] = `
<View
  style={
    Object {
      "bottom": 0,
      "left": 0,
      "position": "absolute",
      "right": 0,
      "top": 0,
    }
  }>
  <View
    style={undefined}>
    <View
      style={undefined}>
      <View
        style={undefined}>
        <TouchableOpacity
          activeOpacity={0.2}
          onPress={[Function]}
          style={
            Array [
              undefined,
            ]
          }>
          <Text
            accessible={true}
            allowFontScaling={true}
            ellipsizeMode="tail"
            style={
              Array [
                undefined,
              ]
            }>
            QUESTION
          </Text>
        </TouchableOpacity>
        <TouchableOpacity
          activeOpacity={0.2}
          onPress={[Function]}
          style={
            Array [
              undefined,
              undefined,
            ]
          }>
          <Text
            accessible={true}
            allowFontScaling={true}
            ellipsizeMode="tail"
            style={
              Array [
                undefined,
              ]
            }>
            TUTORIAL
          </Text>
        </TouchableOpacity>
      </View>
      <View>
        <Question
          question="What was that?"
          taskHelp={undefined}
          workflowID="1" />
        <View
          style={
            Array [
              undefined,
              Object {
                "height": 100,
                "width": 100,
              },
            ]
          }>
          <SwipeSubject
            inFront={false}
            seenThisSession={Array []}
            setImageSizes={[Function]}
            subject={undefined}
            subjectSizes={
              Object {
                "resizedHeight": 100,
                "resizedWidth": 100,
              }
            } />
        </View>
      </View>
    </View>
  </View>
  <Swipeable
    showFullSize={[Function]}
    workflowID="1" />
  <SwipeTabs
    guide={undefined} />
  <Modal
    animationType="fade"
    onRequestClose={[Function]}
    transparent={true}
    visible={false}>
    <View
      style={undefined}>
      <View
        onMoveShouldSetResponder={[Function]}
        onMoveShouldSetResponderCapture={[Function]}
        onResponderEnd={[Function]}
        onResponderGrant={[Function]}
        onResponderMove={[Function]}
        onResponderReject={[Function]}
        onResponderRelease={[Function]}
        onResponderStart={[Function]}
        onResponderTerminate={[Function]}
        onResponderTerminationRequest={[Function]}
        onStartShouldSetResponder={[Function]}
        onStartShouldSetResponderCapture={[Function]}
        style={
          Array [
            Object {
              "alignItems": "center",
              "backgroundColor": "transparent",
              "justifyContent": "center",
              "overflow": "hidden",
            },
            Object {
              "height": 667,
              "width": 375,
            },
          ]
        }>
        <View
          style={
            Object {
              "transform": Array [
                Object {
                  "scale": 1,
                },
                Object {
                  "translateX": 0,
                },
                Object {
                  "translateY": 0,
                },
              ],
            }
          }>
          <View
            onLayout={[Function]}
            style={
              Object {
                "height": 0,
                "width": 0,
              }
            }>
            <Image
              source={
                Object {
                  "uri": "blah.jpg",
                }
              }
              style={
                Object {
                  "height": 0,
                  "width": 0,
                }
              } />
          </View>
        </View>
      </View>
      <View
        style={undefined}>
        <Text
          accessible={true}
          allowFontScaling={false}
          ellipsizeMode="tail"
          style={
            Array [
              Object {
                "color": undefined,
                "fontFamily": "FontAwesome",
                "fontSize": 12,
                "fontStyle": "normal",
                "fontWeight": "normal",
              },
              undefined,
            ]
          }>
          
        </Text>
        <Text
          accessible={true}
          allowFontScaling={true}
          ellipsizeMode="tail"
          style={
            Array [
              undefined,
              Array [
                undefined,
              ],
            ]
          }>
          You can zoom into this image
        </Text>
      </View>
      <TouchableOpacity
        activeOpacity={0.5}
        onPress={[Function]}
        style={undefined}>
        <Text
          accessible={true}
          allowFontScaling={false}
          ellipsizeMode="tail"
          style={
            Array [
              Object {
                "color": undefined,
                "fontFamily": "FontAwesome",
                "fontSize": 12,
                "fontStyle": "normal",
                "fontWeight": "normal",
              },
              undefined,
            ]
          }>
          
        </Text>
      </TouchableOpacity>
    </View>
  </Modal>
</View>
`;

exports[`test renders spinner if fetching 1`] = `
<OverlaySpinner
  overrideVisibility={true} />
`;

exports[`test renders tutorial if needed 1`] = `
<Tutorial
  finishTutorial={[Function]}
  isInitialTutorial={true}
  projectName="Awesome project"
  tutorial={undefined} />
`;
