// Jest Snapshot v1, https://goo.gl/fbAQLP

exports[`renders correctly 1`] = `
<Text
  accessible={true}
  allowFontScaling={false}
  ellipsizeMode="tail"
  style={
    Array [
      Object {
        "color": undefined,
        "fontSize": 12,
      },
      Array [
        undefined,
        undefined,
      ],
      Object {
        "fontFamily": "zoo-font",
        "fontStyle": "normal",
        "fontWeight": "normal",
      },
    ]
  }
>
  
</Text>
`;
