// Jest Snapshot v1, https://goo.gl/fbAQLP

exports[`renders correctly 1`] = `
<ImageZoom
  cropHeight={1334}
  cropWidth={750}
  imageHeight={undefined}
  imageWidth={750}
  longPressTime={300}
  onLongPress={[Function]}
  panToMove={true}
  pinchToZoom={true}
>
  <Image
    resizeMethod="resize"
    source={
      Object {
        "uri": "https://placekitten.com/200/300",
      }
    }
    style={
      Object {
        "height": undefined,
        "width": 750,
      }
    }
  />
</ImageZoom>
`;
